// Jest Snapshot v1, https://goo.gl/fbAQLP

exports[`<WrestlerList /> UI testing snapshot 1`] = `
<section
  className="section"
>
  <h2
    className="subtitle"
  >
    Wrestler List
  </h2>
  <hr />
  <div
    className="content"
  >
    <div>
      <div
        className="box"
      >
        <article
          className="media"
        >
          <div
            className="media-left"
          >
            <figure
              className="image is-64x64"
            >
              <img
                alt="Image"
                src="http://bulma.io/images/placeholders/128x128.png"
              />
            </figure>
          </div>
          <div
            className="media-content"
          >
            <div
              className="content"
            >
              <p>
                <strong>
                  John Cena
                </strong>
                 
                <small>
                  @
                  @johncena
                </small>
                <br />
              </p>
            </div>
          </div>
        </article>
      </div>
      <div
        className="box"
      >
        <article
          className="media"
        >
          <div
            className="media-left"
          >
            <figure
              className="image is-64x64"
            >
              <img
                alt="Image"
                src="http://bulma.io/images/placeholders/128x128.png"
              />
            </figure>
          </div>
          <div
            className="media-content"
          >
            <div
              className="content"
            >
              <p>
                <strong>
                  Randy Ortan
                </strong>
                 
                <small>
                  @
                  @randyortan
                </small>
                <br />
              </p>
            </div>
          </div>
        </article>
      </div>
    </div>
  </div>
</section>
`;
